../Core/Src/jy62.c:20:6:jy62_Init	16	static
../Core/Src/jy62.c:26:6:jy62MessageRecord	24	static
../Core/Src/jy62.c:47:6:SetBaud	16	static
../Core/Src/jy62.c:59:6:SetHorizontal	8	static
../Core/Src/jy62.c:64:6:SetVertical	8	static
../Core/Src/jy62.c:69:6:InitAngle	8	static
../Core/Src/jy62.c:74:6:Calibrate	8	static
../Core/Src/jy62.c:79:6:SleepOrAwake	8	static
../Core/Src/jy62.c:85:7:GetRoll	4	static
../Core/Src/jy62.c:89:7:GetPitch	4	static
../Core/Src/jy62.c:93:7:GetYaw	4	static
../Core/Src/jy62.c:98:7:GetTemperature	4	static
../Core/Src/jy62.c:103:7:GetAccX	4	static
../Core/Src/jy62.c:107:7:GetAccY	4	static
../Core/Src/jy62.c:111:7:GetAccZ	4	static
../Core/Src/jy62.c:116:7:GetVeloX	4	static
../Core/Src/jy62.c:120:7:GetVeloY	4	static
../Core/Src/jy62.c:124:7:GetVeloZ	4	static
../Core/Src/jy62.c:132:6:DecodeAngle	8	static
../Core/Src/jy62.c:139:6:DecodeAccelerate	8	static
../Core/Src/jy62.c:146:6:DecodeVelocity	8	static
../Core/Src/jy62.c:153:6:DecodeTemperature	8	static
../Core/Src/jy62.c:159:6:Decode	8	static
