../Core/Src/jy62.c:25:6:jy62_Init	16	static
../Core/Src/jy62.c:49:6:jy62MessageRecord	16	static
../Core/Src/jy62.c:69:6:SetBaud	16	static
../Core/Src/jy62.c:81:6:SetHorizontal	8	static
../Core/Src/jy62.c:86:6:SetVertical	8	static
../Core/Src/jy62.c:91:6:InitAngle	8	static
../Core/Src/jy62.c:96:6:Calibrate	8	static
../Core/Src/jy62.c:101:6:SleepOrAwake	8	static
../Core/Src/jy62.c:107:7:GetRoll	4	static
../Core/Src/jy62.c:111:7:GetPitch	4	static
../Core/Src/jy62.c:115:7:GetYaw	4	static
../Core/Src/jy62.c:120:7:GetTemperature	4	static
../Core/Src/jy62.c:125:7:GetAccX	4	static
../Core/Src/jy62.c:129:7:GetAccY	4	static
../Core/Src/jy62.c:133:7:GetAccZ	4	static
../Core/Src/jy62.c:138:7:GetVeloX	4	static
../Core/Src/jy62.c:142:7:GetVeloY	4	static
../Core/Src/jy62.c:146:7:GetVeloZ	4	static
../Core/Src/jy62.c:154:6:DecodeAngle	8	static
../Core/Src/jy62.c:162:6:DecodeAccelerate	8	static
../Core/Src/jy62.c:169:6:DecodeVelocity	8	static
../Core/Src/jy62.c:176:6:DecodeTemperature	8	static
../Core/Src/jy62.c:182:6:Decode	8	static
